package fix

import (
	"net/http/httptest"
	"testing"
)

func TestFix(t *testing.T) {
	srv := httptest.NewServer(nil)
	t.Cleanup(srv.Close) // want `httptest server is never closed`
	_ = srv.URL
}

func TestInitializer(t *testing.T) {
	if srv := httptest.NewServer(nil); srv.URL != "" { // want `httptest server is never closed`
		_ = srv.URL
	}
}
